>>> text_indentation = __import__("5-text_indentation").text_indentation
>>> text_indentation("hello world. whats:                     up hello?")
hello world.
<BLANKLINE>
whats:
<BLANKLINE>
up hello?
<BLANKLINE>
>>> text_indentation("aaaa")
aaaa>>> text_indentation("aaaa: aaaaa2222")
aaaa:
<BLANKLINE>
aaaaa2222>>>
>>> text_indentation("abebebe                                         .                                 chala")
abebebe                                         .
<BLANKLINE>
chala>>>
>>> text_indentation(2)
Traceback (most recent call last):
 ...
TypeError: text must be a string
